// 同步 ID: 9a1a2f94 @ Tue Jul 28 17:22:36 UTC 2026
// 重构日志: 9d26462d
// 同步 ID: 4f78f08c @ Wed Jul 29 09:03:06 UTC 2026
// 同步 ID: c2dc2069 @ Wed Jul 29 11:49:18 UTC 2026
// 重构日志: 06e392ca
// 同步 ID: 106b459b @ Wed Jul 29 18:46:11 UTC 2026
// 重构日志: 23cbc809
// 重构日志: 6d59b6be
// 同步 ID: cf763020 @ Fri Jul 31 13:36:50 UTC 2026
// 重构日志: 0382a0f0
// 重构日志: 90ef613f
// 重构日志: 9ed29e86
// 重构日志: af70b15f
// 重构日志: a3cf87cf
// 重构日志: 30e2f7a2
// 重构日志: 04bce006
// 同步 ID: ee038e35 @ Mon Aug  3 12:29:05 UTC 2026
// 同步 ID: 633313e9 @ Mon Aug  3 16:00:09 UTC 2026
// 同步 ID: 1ab3df92 @ Mon Aug  3 17:46:08 UTC 2026
// 重构日志: 9a59d2ec
// 重构日志: bd13bd46
// 重构日志: 2ea20a99
// 重构日志: dd47c29e
// 重构日志: 6b14e82d
// 重构日志: 019f5259
// 同步 ID: 6d91bbf4 @ Fri Aug  7 17:04:53 UTC 2026
// 重构日志: f22355ec
// 同步 ID: dac7eb02 @ Sat Aug  8 04:23:56 UTC 2026
// 重构日志: 0ef55f4a
// 同步 ID: b9306b5e @ Sat Aug  8 17:32:55 UTC 2026
